------------------------------------------------------------
TimeQuest Timing Analyzer Summary
------------------------------------------------------------

Type  : Slow 1200mV 85C Model Setup 'clk50Mhz'
Slack : -7.656
TNS   : -848.502

Type  : Slow 1200mV 85C Model Setup 'usb_clk'
Slack : -6.187
TNS   : -420.033

Type  : Slow 1200mV 85C Model Hold 'usb_clk'
Slack : 0.322
TNS   : 0.000

Type  : Slow 1200mV 85C Model Hold 'clk50Mhz'
Slack : 0.433
TNS   : 0.000

Type  : Slow 1200mV 85C Model Minimum Pulse Width 'usb_clk'
Slack : -3.201
TNS   : -292.623

Type  : Slow 1200mV 85C Model Minimum Pulse Width 'clk50Mhz'
Slack : -3.000
TNS   : -215.641

Type  : Slow 1200mV 0C Model Setup 'clk50Mhz'
Slack : -7.008
TNS   : -769.180

Type  : Slow 1200mV 0C Model Setup 'usb_clk'
Slack : -5.699
TNS   : -382.037

Type  : Slow 1200mV 0C Model Hold 'usb_clk'
Slack : 0.209
TNS   : 0.000

Type  : Slow 1200mV 0C Model Hold 'clk50Mhz'
Slack : 0.383
TNS   : 0.000

Type  : Slow 1200mV 0C Model Minimum Pulse Width 'usb_clk'
Slack : -3.201
TNS   : -292.735

Type  : Slow 1200mV 0C Model Minimum Pulse Width 'clk50Mhz'
Slack : -3.000
TNS   : -215.641

Type  : Fast 1200mV 0C Model Setup 'clk50Mhz'
Slack : -2.686
TNS   : -278.606

Type  : Fast 1200mV 0C Model Setup 'usb_clk'
Slack : -2.019
TNS   : -130.984

Type  : Fast 1200mV 0C Model Hold 'usb_clk'
Slack : 0.178
TNS   : 0.000

Type  : Fast 1200mV 0C Model Hold 'clk50Mhz'
Slack : 0.179
TNS   : 0.000

Type  : Fast 1200mV 0C Model Minimum Pulse Width 'clk50Mhz'
Slack : -3.000
TNS   : -192.352

Type  : Fast 1200mV 0C Model Minimum Pulse Width 'usb_clk'
Slack : -3.000
TNS   : -178.180

------------------------------------------------------------
