------------------------------------------------------------
TimeQuest Timing Analyzer Summary
------------------------------------------------------------

Type  : Slow 1200mV 85C Model Setup 'pzs_test:COMP_CCD|ccd_clk_div'
Slack : -7.617
TNS   : -716.098

Type  : Slow 1200mV 85C Model Setup 'clk50Mhz'
Slack : -5.392
TNS   : -85.005

Type  : Slow 1200mV 85C Model Setup 'usb_clk'
Slack : -5.258
TNS   : -203.821

Type  : Slow 1200mV 85C Model Hold 'clk50Mhz'
Slack : 0.433
TNS   : 0.000

Type  : Slow 1200mV 85C Model Hold 'pzs_test:COMP_CCD|ccd_clk_div'
Slack : 0.453
TNS   : 0.000

Type  : Slow 1200mV 85C Model Hold 'usb_clk'
Slack : 0.485
TNS   : 0.000

Type  : Slow 1200mV 85C Model Minimum Pulse Width 'usb_clk'
Slack : -3.000
TNS   : -65.454

Type  : Slow 1200mV 85C Model Minimum Pulse Width 'clk50Mhz'
Slack : -3.000
TNS   : -53.558

Type  : Slow 1200mV 85C Model Minimum Pulse Width 'pzs_test:COMP_CCD|ccd_clk_div'
Slack : -1.487
TNS   : -169.518

Type  : Slow 1200mV 0C Model Setup 'pzs_test:COMP_CCD|ccd_clk_div'
Slack : -6.916
TNS   : -658.263

Type  : Slow 1200mV 0C Model Setup 'clk50Mhz'
Slack : -4.873
TNS   : -73.594

Type  : Slow 1200mV 0C Model Setup 'usb_clk'
Slack : -4.806
TNS   : -187.371

Type  : Slow 1200mV 0C Model Hold 'clk50Mhz'
Slack : 0.382
TNS   : 0.000

Type  : Slow 1200mV 0C Model Hold 'pzs_test:COMP_CCD|ccd_clk_div'
Slack : 0.404
TNS   : 0.000

Type  : Slow 1200mV 0C Model Hold 'usb_clk'
Slack : 0.432
TNS   : 0.000

Type  : Slow 1200mV 0C Model Minimum Pulse Width 'usb_clk'
Slack : -3.000
TNS   : -65.454

Type  : Slow 1200mV 0C Model Minimum Pulse Width 'clk50Mhz'
Slack : -3.000
TNS   : -53.558

Type  : Slow 1200mV 0C Model Minimum Pulse Width 'pzs_test:COMP_CCD|ccd_clk_div'
Slack : -1.487
TNS   : -169.518

Type  : Fast 1200mV 0C Model Setup 'pzs_test:COMP_CCD|ccd_clk_div'
Slack : -2.770
TNS   : -250.966

Type  : Fast 1200mV 0C Model Setup 'clk50Mhz'
Slack : -1.751
TNS   : -17.740

Type  : Fast 1200mV 0C Model Setup 'usb_clk'
Slack : -1.620
TNS   : -60.869

Type  : Fast 1200mV 0C Model Hold 'clk50Mhz'
Slack : 0.149
TNS   : 0.000

Type  : Fast 1200mV 0C Model Hold 'pzs_test:COMP_CCD|ccd_clk_div'
Slack : 0.185
TNS   : 0.000

Type  : Fast 1200mV 0C Model Hold 'usb_clk'
Slack : 0.199
TNS   : 0.000

Type  : Fast 1200mV 0C Model Minimum Pulse Width 'usb_clk'
Slack : -3.000
TNS   : -53.994

Type  : Fast 1200mV 0C Model Minimum Pulse Width 'clk50Mhz'
Slack : -3.000
TNS   : -39.222

Type  : Fast 1200mV 0C Model Minimum Pulse Width 'pzs_test:COMP_CCD|ccd_clk_div'
Slack : -1.000
TNS   : -114.000

------------------------------------------------------------
