------------------------------------------------------------
TimeQuest Timing Analyzer Summary
------------------------------------------------------------

Type  : Slow 1200mV 85C Model Setup 'clk50Mhz'
Slack : -7.778
TNS   : -898.290

Type  : Slow 1200mV 85C Model Setup 'usb_clk'
Slack : -4.694
TNS   : -221.168

Type  : Slow 1200mV 85C Model Hold 'clk50Mhz'
Slack : 0.452
TNS   : 0.000

Type  : Slow 1200mV 85C Model Hold 'usb_clk'
Slack : 0.485
TNS   : 0.000

Type  : Slow 1200mV 85C Model Minimum Pulse Width 'clk50Mhz'
Slack : -3.000
TNS   : -220.102

Type  : Slow 1200mV 85C Model Minimum Pulse Width 'usb_clk'
Slack : -3.000
TNS   : -81.811

Type  : Slow 1200mV 0C Model Setup 'clk50Mhz'
Slack : -7.089
TNS   : -817.973

Type  : Slow 1200mV 0C Model Setup 'usb_clk'
Slack : -4.314
TNS   : -201.665

Type  : Slow 1200mV 0C Model Hold 'clk50Mhz'
Slack : 0.401
TNS   : 0.000

Type  : Slow 1200mV 0C Model Hold 'usb_clk'
Slack : 0.432
TNS   : 0.000

Type  : Slow 1200mV 0C Model Minimum Pulse Width 'clk50Mhz'
Slack : -3.000
TNS   : -220.102

Type  : Slow 1200mV 0C Model Minimum Pulse Width 'usb_clk'
Slack : -3.000
TNS   : -81.811

Type  : Fast 1200mV 0C Model Setup 'clk50Mhz'
Slack : -2.806
TNS   : -308.356

Type  : Fast 1200mV 0C Model Setup 'usb_clk'
Slack : -1.372
TNS   : -63.610

Type  : Fast 1200mV 0C Model Hold 'clk50Mhz'
Slack : 0.187
TNS   : 0.000

Type  : Fast 1200mV 0C Model Hold 'usb_clk'
Slack : 0.199
TNS   : 0.000

Type  : Fast 1200mV 0C Model Minimum Pulse Width 'clk50Mhz'
Slack : -3.000
TNS   : -196.370

Type  : Fast 1200mV 0C Model Minimum Pulse Width 'usb_clk'
Slack : -3.000
TNS   : -78.051

------------------------------------------------------------
